<html>
<body>
<pre>
<h1>µVision Build Log</h1>
<h2>Project:</h2>
C:\Users\jserrano\Desktop\STM32F0xx_StdPeriph_Lib_V1.0.0_u\Project\STM32F0xx_StdPeriph_Templates\MDK-ARM\Project.uvproj
Project File Date:  10/10/2012

<h2>Output:</h2>
Build target 'STM320518-EVAL'
linking...
Program Size: Code=656 RO-data=224 RW-data=8 ZI-data=1024  
".\STM320518\STM320518-EVAL.axf" - 0 Error(s), 0 Warning(s).
Load "C:\\Users\\jserrano\\Desktop\\STM32F0xx_StdPeriph_Lib_V1.0.0_u\\Project\\STM32F0xx_StdPeriph_Templates\\MDK-ARM\\STM320518\\STM320518-EVAL.AXF" 
Build target 'STM320518-EVAL'
compiling main.c...
..\main.c(51): warning:  #9-D: nested comment is not allowed
..\main.c(158): warning:  #1-D: last line of file ends without a newline
linking...
Program Size: Code=656 RO-data=224 RW-data=8 ZI-data=1024  
".\STM320518\STM320518-EVAL.axf" - 0 Error(s), 2 Warning(s).
Load "C:\\Users\\jserrano\\Desktop\\STM32F0xx_StdPeriph_Lib_V1.0.0_u\\Project\\STM32F0xx_StdPeriph_Templates\\MDK-ARM\\STM320518\\STM320518-EVAL.AXF" 
Build target 'STM320518-EVAL'
compiling main.c...
..\main.c(51): warning:  #9-D: nested comment is not allowed
..\main.c(158): warning:  #1-D: last line of file ends without a newline
linking...
Program Size: Code=656 RO-data=224 RW-data=8 ZI-data=1024  
".\STM320518\STM320518-EVAL.axf" - 0 Error(s), 2 Warning(s).
Load "C:\\Users\\jserrano\\Desktop\\STM32F0xx_StdPeriph_Lib_V1.0.0_u\\Project\\STM32F0xx_StdPeriph_Templates\\MDK-ARM\\STM320518\\STM320518-EVAL.AXF" 
Build target 'STM320518-EVAL'
compiling main.c...
..\main.c(51): warning:  #9-D: nested comment is not allowed
..\main.c(158): warning:  #1-D: last line of file ends without a newline
linking...
Program Size: Code=660 RO-data=224 RW-data=8 ZI-data=1024  
".\STM320518\STM320518-EVAL.axf" - 0 Error(s), 2 Warning(s).
Load "C:\\Users\\jserrano\\Desktop\\STM32F0xx_StdPeriph_Lib_V1.0.0_u\\Project\\STM32F0xx_StdPeriph_Templates\\MDK-ARM\\STM320518\\STM320518-EVAL.AXF" 
Build target 'STM320518-EVAL'
compiling main.c...
..\main.c(52): warning:  #9-D: nested comment is not allowed
..\main.c(159): warning:  #1-D: last line of file ends without a newline
linking...
Program Size: Code=672 RO-data=224 RW-data=12 ZI-data=1028  
".\STM320518\STM320518-EVAL.axf" - 0 Error(s), 2 Warning(s).
Load "C:\\Users\\jserrano\\Desktop\\STM32F0xx_StdPeriph_Lib_V1.0.0_u\\Project\\STM32F0xx_StdPeriph_Templates\\MDK-ARM\\STM320518\\STM320518-EVAL.AXF" 
Build target 'STM320518-EVAL'
compiling main.c...
..\main.c(52): warning:  #9-D: nested comment is not allowed
..\main.c(54): warning:  #9-D: nested comment is not allowed
..\main.c(60): error:  #29: expected an expression
..\main.c(162): warning:  #1-D: last line of file ends without a newline
Target not created
Build target 'STM320518-EVAL'
compiling main.c...
..\main.c(52): warning:  #9-D: nested comment is not allowed
..\main.c(54): warning:  #9-D: nested comment is not allowed
..\main.c(162): warning:  #1-D: last line of file ends without a newline
linking...
Program Size: Code=664 RO-data=224 RW-data=12 ZI-data=1028  
".\STM320518\STM320518-EVAL.axf" - 0 Error(s), 3 Warning(s).
Load "C:\\Users\\jserrano\\Desktop\\STM32F0xx_StdPeriph_Lib_V1.0.0_u\\Project\\STM32F0xx_StdPeriph_Templates\\MDK-ARM\\STM320518\\STM320518-EVAL.AXF" 
Build target 'STM320518-EVAL'
compiling main.c...
..\main.c(52): warning:  #9-D: nested comment is not allowed
..\main.c(54): warning:  #9-D: nested comment is not allowed
..\main.c(62): error:  #32: expression must have arithmetic type
..\main.c(62): error:  #32: expression must have arithmetic type
..\main.c(68): error:  #32: expression must have arithmetic type
..\main.c(68): error:  #32: expression must have arithmetic type
..\main.c(162): warning:  #1-D: last line of file ends without a newline
Target not created
Build target 'STM320518-EVAL'
compiling main.c...
..\main.c(52): warning:  #9-D: nested comment is not allowed
..\main.c(54): warning:  #9-D: nested comment is not allowed
..\main.c(62): error:  #32: expression must have arithmetic type
..\main.c(62): error:  #32: expression must have arithmetic type
..\main.c(68): error:  #32: expression must have arithmetic type
..\main.c(68): error:  #32: expression must have arithmetic type
..\main.c(162): warning:  #1-D: last line of file ends without a newline
Target not created
Build target 'STM320518-EVAL'
compiling main.c...
..\main.c(52): warning:  #9-D: nested comment is not allowed
..\main.c(54): warning:  #9-D: nested comment is not allowed
..\main.c(162): warning:  #1-D: last line of file ends without a newline
linking...
Program Size: Code=664 RO-data=224 RW-data=12 ZI-data=1028  
".\STM320518\STM320518-EVAL.axf" - 0 Error(s), 3 Warning(s).
Load "C:\\Users\\jserrano\\Desktop\\STM32F0xx_StdPeriph_Lib_V1.0.0_u\\Project\\STM32F0xx_StdPeriph_Templates\\MDK-ARM\\STM320518\\STM320518-EVAL.AXF" 
Build target 'STM320518-EVAL'
compiling main.c...
..\main.c(164): warning:  #1-D: last line of file ends without a newline
linking...
Program Size: Code=480 RO-data=208 RW-data=0 ZI-data=1024  
".\STM320518\STM320518-EVAL.axf" - 0 Error(s), 1 Warning(s).
Load "C:\\Users\\jserrano\\Desktop\\STM32F0xx_StdPeriph_Lib_V1.0.0_u\\Project\\STM32F0xx_StdPeriph_Templates\\MDK-ARM\\STM320518\\STM320518-EVAL.AXF" 
Build target 'STM320518-EVAL'
compiling main.c...
..\main.c(119): error:  #65: expected a ";"
..\main.c(126): warning:  #12-D: parsing restarts here after previous syntax error
..\main.c(164): warning:  #1-D: last line of file ends without a newline
Target not created
Build target 'STM320518-EVAL'
compiling main.c...
..\main.c(164): warning:  #1-D: last line of file ends without a newline
linking...
Program Size: Code=624 RO-data=224 RW-data=8 ZI-data=1024  
".\STM320518\STM320518-EVAL.axf" - 0 Error(s), 1 Warning(s).
Load "C:\\Users\\jserrano\\Desktop\\STM32F0xx_StdPeriph_Lib_V1.0.0_u\\Project\\STM32F0xx_StdPeriph_Templates\\MDK-ARM\\STM320518\\STM320518-EVAL.AXF" 
Build target 'STM320518-EVAL'
compiling main.c...
..\main.c(164): warning:  #1-D: last line of file ends without a newline
linking...
Program Size: Code=624 RO-data=224 RW-data=8 ZI-data=1024  
".\STM320518\STM320518-EVAL.axf" - 0 Error(s), 1 Warning(s).
Load "C:\\Users\\jserrano\\Desktop\\STM32F0xx_StdPeriph_Lib_V1.0.0_u\\Project\\STM32F0xx_StdPeriph_Templates\\MDK-ARM\\STM320518\\STM320518-EVAL.AXF" 
Build target 'STM320518-EVAL'
compiling main.c...
..\main.c(164): warning:  #1-D: last line of file ends without a newline
linking...
Program Size: Code=624 RO-data=224 RW-data=8 ZI-data=1024  
".\STM320518\STM320518-EVAL.axf" - 0 Error(s), 1 Warning(s).
Load "C:\\Users\\jserrano\\Desktop\\STM32F0xx_StdPeriph_Lib_V1.0.0_u\\Project\\STM32F0xx_StdPeriph_Templates\\MDK-ARM\\STM320518\\STM320518-EVAL.AXF" 
Build target 'STM320518-EVAL'
compiling main.c...
..\main.c(164): warning:  #1-D: last line of file ends without a newline
linking...
Program Size: Code=624 RO-data=224 RW-data=8 ZI-data=1024  
".\STM320518\STM320518-EVAL.axf" - 0 Error(s), 1 Warning(s).
Load "C:\\Users\\jserrano\\Desktop\\STM32F0xx_StdPeriph_Lib_V1.0.0_u\\Project\\STM32F0xx_StdPeriph_Templates\\MDK-ARM\\STM320518\\STM320518-EVAL.AXF" 
Build target 'STM320518-EVAL'
compiling main.c...
..\main.c(92): error:  #29: expected an expression
..\main.c(92): warning:  #1293-D: assignment in condition
..\main.c(137): warning:  #1-D: last line of file ends without a newline
Target not created
Build target 'STM320518-EVAL'
compiling main.c...
..\main.c(137): warning:  #1-D: last line of file ends without a newline
linking...
Program Size: Code=624 RO-data=224 RW-data=8 ZI-data=1024  
".\STM320518\STM320518-EVAL.axf" - 0 Error(s), 1 Warning(s).
Load "C:\\Users\\jserrano\\Desktop\\STM32F0xx_StdPeriph_Lib_V1.0.0_u\\Project\\STM32F0xx_StdPeriph_Templates\\MDK-ARM\\STM320518\\STM320518-EVAL.AXF" 
Build target 'STM320518-EVAL'
compiling main.c...
..\main.c(137): warning:  #1-D: last line of file ends without a newline
linking...
Program Size: Code=624 RO-data=224 RW-data=8 ZI-data=1024  
".\STM320518\STM320518-EVAL.axf" - 0 Error(s), 1 Warning(s).
Load "C:\\Users\\jserrano\\Desktop\\STM32F0xx_StdPeriph_Lib_V1.0.0_u\\Project\\STM32F0xx_StdPeriph_Templates\\MDK-ARM\\STM320518\\STM320518-EVAL.AXF" 
Build target 'STM320518-EVAL'
compiling main.c...
..\main.c(137): warning:  #1-D: last line of file ends without a newline
linking...
Program Size: Code=624 RO-data=224 RW-data=8 ZI-data=1024  
".\STM320518\STM320518-EVAL.axf" - 0 Error(s), 1 Warning(s).
Load "C:\\Users\\jserrano\\Desktop\\STM32F0xx_StdPeriph_Lib_V1.0.0_u\\Project\\STM32F0xx_StdPeriph_Templates\\MDK-ARM\\STM320518\\STM320518-EVAL.AXF" 
Build target 'STM320518-EVAL'
compiling main.c...
..\main.c(137): warning:  #1-D: last line of file ends without a newline
linking...
Program Size: Code=624 RO-data=224 RW-data=8 ZI-data=1024  
".\STM320518\STM320518-EVAL.axf" - 0 Error(s), 1 Warning(s).
Load "C:\\Users\\jserrano\\Desktop\\STM32F0xx_StdPeriph_Lib_V1.0.0_u\\Project\\STM32F0xx_StdPeriph_Templates\\MDK-ARM\\STM320518\\STM320518-EVAL.AXF" 
Build target 'STM320518-EVAL'
compiling main.c...
..\main.c(137): warning:  #1-D: last line of file ends without a newline
linking...
Program Size: Code=624 RO-data=224 RW-data=8 ZI-data=1024  
".\STM320518\STM320518-EVAL.axf" - 0 Error(s), 1 Warning(s).
Load "C:\\Users\\jserrano\\Desktop\\STM32F0xx_StdPeriph_Lib_V1.0.0_u\\Project\\STM32F0xx_StdPeriph_Templates\\MDK-ARM\\STM320518\\STM320518-EVAL.AXF" 
Build target 'STM320518-EVAL'
compiling main.c...
..\main.c(137): warning:  #1-D: last line of file ends without a newline
linking...
Program Size: Code=624 RO-data=224 RW-data=8 ZI-data=1024  
".\STM320518\STM320518-EVAL.axf" - 0 Error(s), 1 Warning(s).
Load "C:\\Users\\jserrano\\Desktop\\STM32F0xx_StdPeriph_Lib_V1.0.0_u\\Project\\STM32F0xx_StdPeriph_Templates\\MDK-ARM\\STM320518\\STM320518-EVAL.AXF" 
Build target 'STM320518-EVAL'
compiling main.c...
..\main.c(137): warning:  #1-D: last line of file ends without a newline
linking...
Program Size: Code=624 RO-data=224 RW-data=8 ZI-data=1024  
".\STM320518\STM320518-EVAL.axf" - 0 Error(s), 1 Warning(s).
Load "C:\\Users\\jserrano\\Desktop\\STM32F0xx_StdPeriph_Lib_V1.0.0_u\\Project\\STM32F0xx_StdPeriph_Templates\\MDK-ARM\\STM320518\\STM320518-EVAL.AXF" 
